// Jest Snapshot v1, https://goo.gl/fbAQLP

exports[`Footer component should render a footer 1`] = `
<footer>
  <hr />
  <small>
    <ul
      className="ls-i"
    >
      <li>
        <a
          href="/dashboard"
        >
          <Icon
            i="dashboard"
            s="s"
          />
           Dashboard
        </a>
      </li>
      <li>
        <a
          href="/settings"
        >
          <Icon
            i="settings"
            s="s"
          />
           Settings
        </a>
      </li>
      <li>
        <a
          href="/log-out"
        >
          <Icon
            i="logOut"
            s="s"
          />
           Log Out
        </a>
      </li>
    </ul>
    <ul
      className="ls-i"
    >
      <li>
        <a
          href="/"
        >
          <Icon
            i="home"
            s="s"
          />
           Home
        </a>
      </li>
      <li>
        <a
          href="/search"
        >
          <Icon
            i="search"
            s="s"
          />
           Search
        </a>
      </li>
      <li>
        <ExternalLink
          href="https://docs.sagefy.org/"
        >
          <Icon
            i="docs"
            s="s"
          />
           Docs
        </ExternalLink>
      </li>
    </ul>
    <ul
      className="ls-i"
    >
      <li>
        <ExternalLink
          href="https://heiskr.com/stories"
        >
          <Icon
            i="stories"
            s="s"
          />
           Stories
        </ExternalLink>
      </li>
      <li>
        <ExternalLink
          href="https://sgfy.xyz/updates"
        >
          <Icon
            i="updates"
            s="s"
          />
           Updates
        </ExternalLink>
      </li>
    </ul>
    <ul
      className="ls-i"
    >
      <li>
        Â© Copyright
        2020
         Sagefy.
      </li>
      <li>
        <a
          href="/terms"
        >
          <Icon
            i="terms"
            s="s"
          />
           Privacy & Terms
        </a>
      </li>
      <li>
        <a
          href="/contact"
        >
          <Icon
            i="contact"
            s="s"
          />
           Contact
        </a>
      </li>
    </ul>
  </small>
</footer>
`;
